// Vitest Snapshot v1, https://vitest.dev/guide/snapshot.html

exports[`Persistence contract > SessionManager instance has expected method names 1`] = `
[
  "__defineGetter__",
  "__defineSetter__",
  "__lookupGetter__",
  "__lookupSetter__",
  "constructor",
  "hasOwnProperty",
  "isPrototypeOf",
  "propertyIsEnumerable",
  "toLocaleString",
  "toString",
  "valueOf",
]
`;
