// Vitest Snapshot v1, https://vitest.dev/guide/snapshot.html

exports[`Config schema contract > field type map matches snapshot 1`] = `
{
  "apiKey": "string",
  "baseUrl": "string",
  "browser": "default",
  "fallbackBaseUrl": "string",
  "fallbackModel": "string",
  "hooks": "default",
  "maxTurns": "number",
  "mcpServers": "default",
  "model": "string",
  "permissions": "object",
  "permissions.askTimeout": "number",
  "permissions.autoApprove": "array",
  "permissions.deny": "array",
  "repoMap": "default",
  "rulesFile": "string",
  "sandbox": "default",
  "skills": "default",
}
`;
